
> frontend@0.1.0 build
> next build

Γû▓ Next.js 16.1.6 (Turbopack)

  Creating an optimized production build ...
node.exe : 
At C:\Program Files\nodejs\npm.ps1:29 
char:3
+   & $NODE_EXE $NPM_CLI_JS $args
+   ~~~~~~~~~~~~~~~~~~~~~~~~~~~~~
    + CategoryInfo          : NotSpecif 
   ied: (:String) [], RemoteException
    + FullyQualifiedErrorId : NativeCom 
   mandError
 
> Build error occurred
Error: Turbopack build failed with 1 
errors:
./app/(shipper)/dashboard/shipments/[id]
/page.tsx:6:8
Next.js can't recognize the exported 
`generateStaticParams` field in route. 
App pages cannot use both "use client" 
and export function 
"generateStaticParams()".
[0m [90m  4 |[39m [36mimport[39m 
[33mLink[39m [36mfrom[39m 
[32m'next/link'[39m[33m;[39m
 [90m  5 |[39m
[31m[1m>[22m[39m[90m  6 |[39m 
[36mexport[39m [36mfunction[39m 
generateStaticParams() {
 [90m    |[39m        [31m[1m^[22m
[39m[31m[1m^[22m[39m[31m[1m^[22m
[39m[31m[1m^[22m[39m[31m[1m^[22m
[39m[31m[1m^[22m[39m[31m[1m^[22m
[39m[31m[1m^[22m[39m[31m[1m^[22m
[39m[31m[1m^[22m[39m[31m[1m^[22m
[39m[31m[1m^[22m[39m[31m[1m^[22m
[39m[31m[1m^[22m[39m[31m[1m^[22m
[39m[31m[1m^[22m[39m[31m[1m^[22m
[39m[31m[1m^[22m[39m[31m[1m^[22m
[39m[31m[1m^[22m[39m[31m[1m^[22m
[39m[31m[1m^[22m[39m[31m[1m^[22m
[39m[31m[1m^[22m[39m[31m[1m^[22m
[39m[31m[1m^[22m[39m[31m[1m^[22m
[39m[31m[1m^[22m[39m[31m[1m^[22m
[39m[31m[1m^[22m[39m[31m[1m^[22m
[39m[31m[1m^[22m[39m[31m[1m^[22m
[39m
[31m[1m>[22m[39m[90m  7 |[39m   
[36mreturn[39m [][33m;[39m
 [90m    |[39m [31m[1m^[22m[39m[3
1m[1m^[22m[39m[31m[1m^[22m[39m[3
1m[1m^[22m[39m[31m[1m^[22m[39m[3
1m[1m^[22m[39m[31m[1m^[22m[39m[3
1m[1m^[22m[39m[31m[1m^[22m[39m[3
1m[1m^[22m[39m[31m[1m^[22m[39m[3
1m[1m^[22m[39m
[31m[1m>[22m[39m[90m  8 |[39m }
 [90m    |[39m 
[31m[1m^[22m[39m[31m[1m^[22m[39m
 [90m  9 |[39m
 [90m 10 |[39m [36mexport[39m 
[36mdefault[39m [36mfunction[39m 
[33mShipmentDetailsPage[39m({ params 
}[33m:[39m { params[33m:[39m { 
id[33m:[39m string } }) {
 [90m 11 |[39m   [90m// Mock 
Bids[39m[0m

The exported configuration object in a 
source file needs to have a very 
specific format from which some 
properties can be statically parsed at 
compiled-time.

Import traces:
  Client Component Browser:
    ./app/(shipper)/dashboard/shipments/
[id]/page.tsx [Client Component Browser]
    ./app/(shipper)/dashboard/shipments/
[id]/page.tsx [Server Component]

  Client Component SSR:
    ./app/(shipper)/dashboard/shipments/
[id]/page.tsx [Client Component SSR]
    ./app/(shipper)/dashboard/shipments/
[id]/page.tsx [Server Component]

https://nextjs.org/docs/app/api-referenc
e/file-conventions/route-segment-config


    at <unknown> (./app/(shipper)/dashbo
ard/shipments/[id]/page.tsx:6:8)
    at <unknown> (https://nextjs.org/doc
s/app/api-reference/file-conventions/rou
te-segment-config)
